// Jest Snapshot v1, https://goo.gl/fbAQLP

exports[`SideBar renders correctly 1`] = `
<DocumentFragment>
  <div
    class="side-bar"
  >
    <svg
      class="side-bar-icon"
      fill="currentColor"
      height="1em"
      stroke="currentColor"
      stroke-width="0"
      viewBox="0 0 16 16"
      width="1em"
      xmlns="http://www.w3.org/2000/svg"
    >
      <path
        d="M8 16A8 8 0 1 0 8 0a8 8 0 0 0 0 16zM3.5 5h9a.5.5 0 0 1 0 1h-9a.5.5 0 0 1 0-1zM5 8.5a.5.5 0 0 1 .5-.5h5a.5.5 0 0 1 0 1h-5a.5.5 0 0 1-.5-.5zm2 3a.5.5 0 0 1 .5-.5h1a.5.5 0 0 1 0 1h-1a.5.5 0 0 1-.5-.5z"
      />
    </svg>
    <ul
      class="side-bar-links"
    >
      <li
        class="side-bar-links-item"
      >
        <a
          class="item"
          data-testid="side-bar-manchester-link"
          href="/?query={\\"city\\": \\"Manchester\\"}"
        >
          Manchester
        </a>
      </li>
      <li
        class="side-bar-links-item"
      >
        <a
          class="item"
          href="/?query={\\"city\\": \\"Leeds\\"}"
        >
          Leeds
        </a>
      </li>
      <li
        class="side-bar-links-item"
      >
        <a
          class="item"
          href="/?query={\\"city\\": \\"Liverpool\\"}"
        >
          Liverpool
        </a>
      </li>
      <li
        class="side-bar-links-item"
      >
        <a
          class="item"
          href="/?query={\\"city\\": \\"Sheffield\\"}"
        >
          Sheffield
        </a>
      </li>
    </ul>
  </div>
</DocumentFragment>
`;
